2
0,Trap,This is a trap room,-1,1,-1,-1,3,5,1,0,1,2,
1,Normal,This is a normal room,0,-1,-1,-1,-1,-1,-1,-1,-1,-1,
